// Jest Snapshot v1, https://goo.gl/fbAQLP

exports[`HistoryItem component renders HistoryItem 1`] = `
<DocumentFragment>
  <section
    class="historyItem"
  >
    <p>
      Method: GET
    </p>
    <p>
      URL: www.url.com
    </p>
  </section>
</DocumentFragment>
`;
