// Jest Snapshot v1, https://goo.gl/fbAQLP

exports[`App component renders App 1`] = `
<DocumentFragment>
  <h1>
    Resty Lab
  </h1>
  <div>
    Resty Container
  </div>
</DocumentFragment>
`;
